// Jest Snapshot v1, https://goo.gl/fbAQLP

exports[`effector/babel-plugin adds sid: adds sid 1`] = `

import { status } from "patronum/status"; const $status = status({ effect });

      ↓ ↓ ↓ ↓ ↓ ↓

var _effectorFileName = '.';
import { status } from 'patronum/status';
const $status = status({
  ɔ: {
    effect,
  },
  config: {
    loc: {
      file: _effectorFileName,
      line: 1,
      column: 58,
    },
    name: '$status',
    sid: '-hjziz0',
  },
});


`;
